apiVersion: monitoring.coreos.com/v1
kind: PrometheusRule
metadata:
  annotations: {}
  labels:
    name: patch-operator-prometheus-rule
  name: patch-operator-prometheus-rule
  namespace: syn-patch-operator
spec:
  groups:
    - name: patch.alerts
      rules:
        - alert: PatchReconcileErrors
          annotations:
            description: Patch operator controller {{$labels.controller}} has reconciliation
              errors
            message: Patch operator controller {{$labels.controller}} has reconciliation
              errors
            runbook_url: https://hub.syn.tools/patch-operator/runbooks/PatchReconcileErrors.html
            summary: Patch operator controller has reconciliation errors
          expr: |
            rate(controller_runtime_reconcile_total{namespace="syn-patch-operator", controller!~"openapi-watcher|patch", result="error"}[5m]) > 0
          for: 4m
          labels:
            severity: warning
            syn: 'true'
            syn_component: patch-operator
