apiVersion: v1
kind: Namespace
metadata:
  annotations: {}
  labels:
    name: syn-patch-operator
  name: syn-patch-operator
