apiVersion: redhatcop.redhat.io/v1alpha1
kind: Patch
metadata:
  annotations:
    argocd.argoproj.io/sync-options: SkipDryRunOnMissingResource=true
  labels:
    name: foo-test-d8c672cc5067d92
  name: foo-test-d8c672cc5067d92
  namespace: syn-patch-operator
spec:
  patches:
    patch1:
      patchTemplate: "\"spec\":\n  \"replicas\": 5"
      patchType: application/strategic-merge-patch+json
      targetObjectRef:
        apiVersion: apps/v1
        kind: Deployment
        name: test
        namespace: foo
  serviceAccountRef:
    name: patch-sa
