apiVersion: redhatcop.redhat.io/v1alpha1
kind: Patch
metadata:
  annotations:
    argocd.argoproj.io/sync-options: SkipDryRunOnMissingResource=true
  labels:
    name: clusterrolebinding-system-build-strategy-docker-4b7cc202c83ea43
  name: clusterrolebinding-system-build-strategy-docker-4b7cc202c83ea43
  namespace: syn-patch-operator
spec:
  patches:
    patch1:
      patchTemplate: "\"annotations\":\n  \"rbac.authorization.kubernetes.io/autoupdate\"\
        : \"false\""
      patchType: application/strategic-merge-patch+json
      targetObjectRef:
        apiVersion: rbac.authorization.k8s.io/v1
        kind: ClusterRoleBinding
        name: system:build-strategy-docker-binding
  serviceAccountRef:
    name: patch-sa
