apiVersion: v1
kind: ServiceAccount
metadata:
  annotations: {}
  labels:
    name: patch-sa
  name: patch-sa
  namespace: syn-patch-operator
---
apiVersion: rbac.authorization.k8s.io/v1
kind: ClusterRoleBinding
metadata:
  annotations: {}
  labels:
    name: syn-patch-operator-patch-cluster-admin
  name: syn:patch-operator:patch-cluster-admin
roleRef:
  apiGroup: rbac.authorization.k8s.io
  kind: ClusterRole
  name: cluster-admin
subjects:
  - kind: ServiceAccount
    name: patch-sa
    namespace: syn-patch-operator
