apiVersion: rbac.authorization.k8s.io/v1
kind: ClusterRole
metadata:
  annotations: {}
  labels:
    name: syn-patch-operator-cluster-reader
    rbac.authorization.k8s.io/aggregate-to-cluster-reader: 'true'
  name: syn:patch-operator:cluster-reader
rules:
  - apiGroups:
      - redhatcop.redhat.io
    resources:
      - patches
    verbs:
      - get
      - list
      - watch
